[36mvite v8.2.1 [32mbuilding client environment for production...[36m[39m
transforming...
✓ 1815 modules transformed.
rendering chunks...
computing gzip size...
dist/index.html                           0.45 kB │ gzip:  0.29 kB
dist/assets/1781049842732-C6b9XMtl.jpg   26.54 kB
dist/assets/index-CRDcDSlW.css            7.47 kB │ gzip:  2.32 kB
dist/assets/index-B6Vf3edG.js           206.62 kB │ gzip: 64.92 kB

[32m✓ built in 577ms[39m
